Microsoft (R) Macro Assembler Version 14.29.30159.0	    01/03/26 22:34:03
asm main.asm						     Page 1 - 1


				INCLUDE Irvine32.inc
			      C ; Include file for Irvine32.lib             (Irvine32.inc)
			      C 
			      C ;OPTION CASEMAP:NONE		; optional: make identifiers case-sensitive
			      C 
			      C INCLUDE SmallWin.inc		; MS-Windows prototypes, structures, and constants
			      C .NOLIST
			      C .LIST
			      C 
			      C INCLUDE VirtualKeys.inc
			      C ; VirtualKeys.inc
			      C .NOLIST
			      C .LIST
			      C 
			      C 
			      C .NOLIST
			      C .LIST
			      C 
 00000000			.data

					; =================================== student name ===================================
 00000000 45 6E 74 65 72		studentMsg BYTE "Enter student name: ", 0
	   20 73 74 75 64
	   65 6E 74 20 6E
	   61 6D 65 3A 20
	   00
 00000015  00000015 [			studentName BYTE 21 DUP(0) ; +1 for null terminator
	    00
	   ]

					; =================================== number of courses ===================================
 0000002A 45 6E 74 65 72		numberOfCoursesMsg BYTE "Enter number of courses (1-20): ", 0
	   20 6E 75 6D 62
	   65 72 20 6F 66
	   20 63 6F 75 72
	   73 65 73 20 28
	   31 2D 32 30 29
	   3A 20 00
 0000004B 54 68 65 20 6E		numberOfCoursesErr BYTE "The number of courses should be between 1 and 20", 0
	   75 6D 62 65 72
	   20 6F 66 20 63
	   6F 75 72 73 65
	   73 20 73 68 6F
	   75 6C 64 20 62
	   65 20 62 65 74
	   77 65 65 6E 20
	   31 20 61 6E 64
	   20 32 30 00
 0000007C 00000000			numberOfCourses DWORD ?
 00000080 00				valid BYTE ?

					; =================================== course data ===================================
 00000081 43 6F 75 72 73		currentTitle1 BYTE "Course ", 0
	   65 20 00
 00000089 3A 20 00			currentTitle2 BYTE ": ", 0

 0000008C 00000000			idx DWORD ?
 00000090 00000000			tempECX DWORD ?

 00000094 20 20 45 6E 74		courseCodeMsg BYTE "  Enter course code: ", 0
	   65 72 20 63 6F
	   75 72 73 65 20
	   63 6F 64 65 3A
	   20 00
 000000AA 20 20 43 6F 75		courseCodeErr BYTE "  Course code must be 5 characters", 0
	   72 73 65 20 63
	   6F 64 65 20 6D
	   75 73 74 20 62
	   65 20 35 20 63
	   68 61 72 61 63
	   74 65 72 73 00
 000000CD  00000015 [			courseCodeBuffer BYTE 21 DUP(0) ; +1 for null terminator, extra size to avoid overflow
	    00
	   ]
 000000E2 00000000			courseCodeLen DWORD ?
 000000E6  00000014 [			courseCodeArr BYTE 20 DUP(6 DUP(0)) ; array for max 20 course codes including null terminators
	    00000006 [
	     00
	    ]
	   ]

 0000015E 20 20 45 6E 74		courseGradeMsg BYTE "  Enter course grade (0-100): ", 0
	   65 72 20 63 6F
	   75 72 73 65 20
	   67 72 61 64 65
	   20 28 30 2D 31
	   30 30 29 3A 20
	   00
 0000017D 00000000			courseGrade DWORD ?
 00000181 20 20 47 72 61		courseGradeErr BYTE "  Grade must be between 0 and 100", 0
	   64 65 20 6D 75
	   73 74 20 62 65
	   20 62 65 74 77
	   65 65 6E 20 30
	   20 61 6E 64 20
	   31 30 30 00
 000001A3  00000014 [			courseGradeArr DWORD 20 DUP(?) 
	    00000000
	   ]

 000001F3 20 20 45 6E 74		courseHrsMsg BYTE "  Enter course hours (1-4): ", 0
	   65 72 20 63 6F
	   75 72 73 65 20
	   68 6F 75 72 73
	   20 28 31 2D 34
	   29 3A 20 00
 00000210 00000000			courseHrs DWORD ?
 00000214 20 20 43 6F 75		courseHrsErr BYTE "  Course hours must be between 1 and 4", 0
	   72 73 65 20 68
	   6F 75 72 73 20
	   6D 75 73 74 20
	   62 65 20 62 65
	   74 77 65 65 6E
	   20 31 20 61 6E
	   64 20 34 00
 0000023B  00000014 [			courseHrsArr DWORD 20 DUP(?)
	    00000000
	   ]

					;=================================== grades and letters and points ===================================
 0000028B  00000014 [			letteredGrades BYTE 20 DUP(0)
	    00
	   ]
 0000029F 00000000			countA DWORD 0
 000002A3 00000000			countB DWORD 0
 000002A7 00000000			countC DWORD 0
 000002AB 00000000			countD DWORD 0
 000002AF 00000000			countF DWORD 0
 000002B3  00000014 [			coursePoints DWORD 20 DUP(?)
	    00000000
	   ]

					; =================================== calc min, max, sum, avg ===================================
 00000303 00000064			minGrade DWORD 100
 00000307 00000000			maxGrade DWORD 0
 0000030B 00000000			gradesSum DWORD 0
 0000030F 00000000			gradeAvg DWORD ?

					; =================================== calc GPA ===================================
 00000313 00000000			gpa DWORD ?
 00000317 00000000			pointsSum DWORD 0
 0000031B  00000014 [			gpaResult BYTE 20 DUP(0)
	    00
	   ]
 0000032F 45 78 63 65 6C		excellentMsg BYTE "Excellent", 0
	   6C 65 6E 74 00
 00000339 47 6F 6F 64 20		goodMsg BYTE "Good Standing", 0
	   53 74 61 6E 64
	   69 6E 67 00
 00000347 41 63 61 64 65		warningMsg BYTE "Academic Warning", 0
	   6D 69 63 20 57
	   61 72 6E 69 6E
	   67 00
 00000358 41 63 61 64 65		probationMsg BYTE "Academic Probation", 0	
	   6D 69 63 20 50
	   72 6F 62 61 74
	   69 6F 6E 00
					

 00000000			.code
				; MAIN
 00000000				main PROC
						; =================================== student name ===================================
 00000000  E8 000000DD					call getStudentInfo

						; =================================== number of courses ===================================
 00000005						reEnterNumCourses:

							; prompt for number of courses
 00000005  BA 0000002A R					MOV EDX, OFFSET numberOfCoursesMsg
 0000000A  E8 00000000 E					call writeString

							; read number of courses
 0000000F  E8 00000000 E					call readInt

							; validation:
 00000014  E8 000000E3						call validateCoursesNum

								; unvalid:
 00000019  80 3D 00000080 R					CMP valid, 0
	   00
 00000020  74 E3						JE reEnterNumCourses

						; =================================== course data ===================================

 00000022  8B 0D 0000007C R				MOV ECX, numberOfCourses
 00000028  C7 05 0000008C R				MOV idx, 0
	   00000000

 00000032						courseLoop:
							
								; write "Course X: "
 00000032  BA 00000081 R						MOV EDX, OFFSET currentTitle1
 00000037  E8 00000000 E						call writeString

 0000003C  FF 05 0000008C R						inc idx ; to make it one based
 00000042  A1 0000008C R						MOV EAX, idx
 00000047  E8 00000000 E						call writeDec
 0000004C  FF 0D 0000008C R						dec idx ; to return to original

 00000052  BA 00000089 R						MOV EDX, OFFSET currentTitle2
 00000057  E8 00000000 E						call writeString
 0000005C  E8 00000000 E						call crlf

								; read input + validation
 00000061  89 0D 00000090 R						MOV tempECX, ECX ; save loop counter
 00000067  E8 000000C0							call getCourseData
 0000006C  E8 0000018F							call ConvertToLetterGrade
 00000071  8B 0D 00000090 R						MOV ECX, tempECX ; restore loop counter

 00000077  FF 05 0000008C R					inc idx

 0000007D  E2 B3					LOOP courseLoop

						; =================================== calc min, max, sum, avg ===================================
							
 0000007F  8B 0D 0000007C R				MOV ECX, numberOfCourses
 00000085  C7 05 0000008C R				MOV idx, 0
	   00000000
 0000008F						calcLoop:
								; get current grade
									MOV EAX, [courseGradeArr + idx * 4]
asm main.asm(121) : error A2026:constant expected

								; calc min
									; if(curr < min) min = curr
 0000008F  3B 05 00000303 R							CMP EAX, minGrade
 00000095  73 10								JAE skipMin
 00000097  A3 00000303 R							MOV minGrade, EAX
 000000A7							skipMin:

								; calc max
									; if(curr > max) max = curr
 000000A7  3B 05 00000307 R							CMP EAX, maxGrade
 000000AD  76 05								JBE skipMax
 000000AF  A3 00000307 R							MOV maxGrade, EAX
 000000B4							skipMax:

								; calc sum
 000000B4  01 05 0000030B R						ADD gradesSum, EAX

 000000BA  FF 05 0000008C R					inc idx
 000000C0  E2 CD					LOOP calcLoop

							; calc avg
 000000C2  A1 0000030B R					MOV EAX, gradesSum
 000000C7  8B 1D 0000007C R					MOV EBX, numberOfCourses
 000000CD  33 D2						XOR EDX, EDX ; clear edx before
 000000CF  F7 F3						DIV EBX ; eax = eax / ebx
 000000D1  A3 0000030F R					MOV gradeAvg, EAX


						; =================================== calc GPA ===================================
 000000D6  E8 000001E0					call CalculateGPA
						exit
 000000DB  6A 00	   *	    push   +000000000h
 000000DD  E8 00000000 E   *	    call   ExitProcess
 000000E2				main ENDP

				; PROCEDURES

				; =================================== get student info ===================================
 000000E2				getStudentInfo PROC
						; prompt for name
 000000E2  BA 00000000 R			MOV EDX, OFFSET studentMsg
 000000E7  E8 00000000 E			call writeString

						; read name
 000000EC  BA 00000015 R			MOV EDX, OFFSET studentName
 000000F1  B9 00000014				MOV ECX, SIZEOF studentName - 1
 000000F6  E8 00000000 E			call readString

 000000FB  C3					ret
 000000FC				getStudentInfo ENDP

				; =================================== course number validation ===================================
 000000FC				validateCoursesNum PROC
						; if(num >= 1 && num <= 20) -> valid
 000000FC  83 F8 01					CMP EAX, 1
 000000FF  72 07					JB invalidNumCourses
 00000101  83 F8 14					CMP EAX, 20
 00000104  77 02					JA invalidNumCourses

 00000106  EB 17				JMP validNumCourses

 00000108					invalidNumCourses:
 00000108  BA 0000004B R				MOV EDX, OFFSET numberOfCoursesErr
 0000010D  E8 00000000 E				call writeString
 00000112  E8 00000000 E				call crlf

							; set valid = 0 to re enter in main
 00000117  B0 00					MOV AL, 0
 00000119  A2 00000080 R				MOV valid, AL

 0000011E  C3						ret

 0000011F					validNumCourses:
							; set valid = 1 to continue in main
 0000011F  A3 0000007C R				MOV numberOfCourses, EAX 
 00000124  B0 01					MOV AL, 1
 00000126  A2 00000080 R				MOV valid, AL

 0000012B  C3						ret
 0000012C				validateCoursesNum ENDP

				; =================================== get course data ===================================
 0000012C				getCourseData PROC
						
						; course code
 0000012C						reEnterCourseCode:

							; prompt for course code
 0000012C  BA 00000094 R					MOV EDX, OFFSET courseCodeMsg
 00000131  E8 00000000 E					call writeString

							; read course code
 00000136  BA 000000CD R					MOV EDX, OFFSET courseCodeBuffer
 0000013B  B9 00000014						MOV ECX, SIZEOF courseCodeBuffer - 1
 00000140  E8 00000000 E					call readString

							; validation:
								; if(length == 5) -> valid
 00000145  83 F8 05						CMP EAX, 5 ; eax has length from readString
 00000148  74 11						JE validCourseCode

								; invalid:
 0000014A  BA 000000AA R					MOV EDX, OFFSET courseCodeErr
 0000014F  E8 00000000 E					call writeString
 00000154  E8 00000000 E					call crlf
 00000159  EB D1						JMP reEnterCourseCode ; re enter

								; valid + storing
 0000015B							validCourseCode:
 0000015B  BA 000000CD R					MOV EDX, OFFSET courseCodeBuffer
								MOV [courseCodeArr + idx * 6], EDX ;;;;;;;;;;;;;;;;;;;;;;;;;;;;;;;;;;;;;;;;
asm main.asm(231) : error A2026:constant expected

						; course grade
 0000016B						reEnterCourseGrade:

							; prompt for course grade
 0000016B  BA 0000015E R					MOV EDX, OFFSET courseGradeMsg
 00000170  E8 00000000 E					call writeString

							; read course grade
 00000175  E8 00000000 E					call readInt
 0000017A  A3 0000017D R					MOV courseGrade, EAX

							; validation:
								; if(grade >= 0 && grade <= 100) -> valid
 0000017F  83 3D 0000017D R					CMP courseGrade, 0
	   00
 00000186  72 0B						JB invalidCourseGrade
 00000188  83 3D 0000017D R					CMP courseGrade, 100
	   64
 0000018F  77 02						JA invalidCourseGrade

								; valid
 00000191  EB 11						JMP validCourseGrade

 00000193							invalidCourseGrade:
 00000193  BA 00000181 R						MOV EDX, OFFSET courseGradeErr
 00000198  E8 00000000 E						call writeString
 0000019D  E8 00000000 E						call crlf
 000001A2  EB C7							JMP reEnterCourseGrade ; re enter

								; valid + storing
 000001A4							validCourseGrade:
 000001A4  8B 15 0000017D R					MOV EDX, courseGrade
								MOV [courseGradeArr + idx * 4], EDX ;;;;;;;;;;;;;;;;;;;;;;;;;;;;;;;;;;;;;;;;
asm main.asm(263) : error A2026:constant expected

						; course hours
 000001B5						reEnterCourseHrs:

							; prompt for course hours
 000001B5  BA 000001F3 R					MOV EDX, OFFSET courseHrsMsg
 000001BA  E8 00000000 E					call writeString

							; read course hours
 000001BF  E8 00000000 E					call readInt
 000001C4  A3 00000210 R					MOV courseHrs, EAX

							; validation:
								; if(hours >= 1 && hours <= 4) -> valid
 000001C9  83 3D 00000210 R					CMP courseHrs, 1
	   01
 000001D0  72 0B						JB invalidCourseHrs
 000001D2  83 3D 00000210 R					CMP courseHrs, 4
	   04
 000001D9  77 02						JA invalidCourseHrs

								; valid
 000001DB  EB 11						JMP validCourseHrs

 000001DD							invalidCourseHrs:
 000001DD  BA 00000214 R						MOV EDX, OFFSET courseHrsErr
 000001E2  E8 00000000 E						call writeString
 000001E7  E8 00000000 E						call crlf
 000001EC  EB C7							JMP reEnterCourseHrs ; re enter

								; valid + storing
 000001EE							validCourseHrs:
 000001EE  8B 15 00000210 R					MOV EDX, courseHrs
								MOV [courseHrsArr + idx * 4], EDX ;;;;;;;;;;;;;;;;;;;;;;;;;;;;;;;;;;;;;;;;
asm main.asm(295) : error A2026:constant expected

 000001F4  C3					ret
 000001F5				getCourseData ENDP

 000001F5				ConvertToLetterGrade PROC
						; eax = current grade
						; if(grade >= 90) -> A
 000001F5  83 F8 5A					CMP EAX, 90
 000001F8  72 2E					JB checkB

							; store letter A
 000001FA  B3 41						MOV BL, 'A' 
							; calculate points for A
								MOV EDX, 4 * courseHrs  ;;;;;;;;;;;;;;;;;;;;;;;;;;;;;;;;;;;;;;;;
asm main.asm(309) : error A2026:constant expected
								MOV [coursePoints + idx * 4], EDX ;;;;;;;;;;;;;;;;;;;;;;;;;;;;;;;;;;;;;;;;
asm main.asm(310) : error A2026:constant expected
							; increment A count
 000001FC  FF 05 0000029F R					inc countA 

 00000202  E9 000000A8					JMP storeLetter

 00000228					checkB:
						; else if(grade >= 80) -> B
 00000228  83 F8 50					CMP EAX, 80
 0000022B  72 20					JB checkC
							; store letter B
 0000022D  B3 42						MOV BL, 'B' 
							; calculate points for B
								MOV EDX, 3 * courseHrs  ;;;;;;;;;;;;;;;;;;;;;;;;;;;;;;;;;;;;;;;;
asm main.asm(323) : error A2026:constant expected
								MOV [coursePoints + idx * 4], EDX ;;;;;;;;;;;;;;;;;;;;;;;;;;;;;;;;;;;;;;;;
asm main.asm(324) : error A2026:constant expected
							; increment B count
 0000022F  FF 05 000002A3 R					inc countB 
 00000235  EB 78					JMP storeLetter

 0000024D					checkC:
						; else if(grade >= 70) -> C
 0000024D  83 F8 46					CMP EAX, 70
 00000250  72 20					JB checkD
							; store letter C
 00000252  B3 43						MOV BL, 'C'
							; calculate points for C
								MOV EDX, 2 * courseHrs  ;;;;;;;;;;;;;;;;;;;;;;;;;;;;;;;;;;;;;;;;
asm main.asm(336) : error A2026:constant expected
								MOV [coursePoints + idx * 4], EDX ;;;;;;;;;;;;;;;;;;;;;;;;;;;;;;;;;;;;;;;;
asm main.asm(337) : error A2026:constant expected
							; increment C count
 00000254  FF 05 000002A7 R					inc countC
 0000025A  EB 53					JMP storeLetter

 00000272					checkD:
						; else if(grade >= 60) -> D
 00000272  83 F8 3C					CMP EAX, 60
 00000275  72 20					JB storeF
							; store letter D
 00000277  B3 44						MOV BL, 'D'
							; calculate points for D
								MOV EDX, 1 * courseHrs ;;;;;;;;;;;;;;;;;;;;;;;;;;;;;;;;;;;;;;;;
asm main.asm(349) : error A2026:constant expected
								MOV [coursePoints + idx * 4], EDX ;;;;;;;;;;;;;;;;;;;;;;;;;;;;;;;;;;;;;;;;
asm main.asm(350) : error A2026:constant expected
							; increment D count
 00000279  FF 05 000002AB R					inc countD
 0000027F  EB 2E					JMP storeLetter

 00000297					storeF:
						; else -> F
							; store letter F
 00000297  B3 46						MOV BL, 'F'
							; calculate points for F
 00000299  BA 00000000						MOV EDX, 0
								MOV [coursePoints + idx * 4], EDX ;;;;;;;;;;;;;;;;;;;;;;;;;;;;;;;;;;;;;;;;
asm main.asm(361) : error A2026:constant expected
							; increment F count
 0000029E  FF 05 000002AF R					inc countF

 000002AF					storeLetter:
						MOV [letteredGrades + idx], BL
asm main.asm(366) : error A2101:cannot add two relocatable labels

 000002AF  C3					ret
 000002B0				ConvertToLetterGrade ENDP

					; =================================== calc GPA ===================================
 000002B0				CalculateGPA PROC
 000002B0  8B 0D 0000007C R			MOV ECX, numberOfCourses
 000002B6  C7 05 0000008C R			MOV idx, 0
	   00000000

 000002CB					calcPointsSumLoop:
							; get current points
								MOV EAX, [coursePoints + idx * 4]
asm main.asm(378) : error A2026:constant expected
							; calc sum
 000002CB  01 05 00000317 R					ADD pointsSum, EAX
 000002D1  FF 05 0000008C R				inc idx
 000002D7  E2 F2				LOOP calcPointsSumLoop

						; calc GPA
 000002D9  A1 00000317 R				MOV EAX, pointsSum
 000002DE  8B 1D 0000007C R				MOV EBX, numberOfCourses
 000002E4  33 D2					XOR EDX, EDX ; clear edx before
 000002E6  F7 F3					DIV EBX ; eax = eax / ebx
 000002E8  A3 00000313 R				MOV gpa, EAX

						; decide gpa result
							; if(gpa >= 3.5) -> Excellent
								CMP gpa, 3.5
asm main.asm(393) : error A2050:real or BCD number not allowed
 000002ED  72 30						JB checkGood
 000002EF  BA 0000031B R					MOV EDX, OFFSET gpaResult
 000002F4  B8 0000032F R					MOV EAX, OFFSET excellentMsg
								call StrCopy
asm main.asm(397) : error A2006:undefined symbol : StrCopy
 000002F9  EB 00						JMP endGPA

 0000031F						checkGood:
							; else if(gpa >= 2) -> Good Standing
 0000031F  83 3D 00000313 R					CMP gpa, 2
	   02
 00000326  72 17						JB warning
 00000328  BA 0000031B R					MOV EDX, OFFSET gpaResult
 0000032D  B8 00000339 R					MOV EAX, OFFSET goodMsg
								call StrCopy
asm main.asm(406) : error A2006:undefined symbol : StrCopy
 00000332  EB 47						JMP endGPA

 0000033F						warning:
							; else if(gpa >= 1.5) -> Academic Warning
								CMP gpa, 1.5
asm main.asm(411) : error A2050:real or BCD number not allowed
 0000033F  72 25						JB probation
 00000341  BA 0000031B R					MOV EDX, OFFSET gpaResult
 00000346  B8 00000347 R					MOV EAX, OFFSET warningMsg
								call StrCopy
asm main.asm(415) : error A2006:undefined symbol : StrCopy
 0000034B  EB 2E						JMP endGPA

 00000366						probation:
							; else -> Academic Probation
 00000366  BA 0000031B R					MOV EDX, OFFSET gpaResult
 0000036B  B8 00000358 R					MOV EAX, OFFSET probationMsg
								call StrCopy
asm main.asm(422) : error A2006:undefined symbol : StrCopy

 0000037B						endGPA:
								
 0000037B  C3					ret
 0000037C				CalculateGPA ENDP

				END main
Microsoft (R) Macro Assembler Version 14.29.30159.0	    01/03/26 22:34:03
asm main.asm						     Symbols 2 - 1




Structures and Unions:

                N a m e                  Size
                                         Offset      Type

CONSOLE_CURSOR_INFO  . . . . . .	 00000008
  dwSize . . . . . . . . . . . .	 00000000	 DWord
  bVisible . . . . . . . . . . .	 00000004	 DWord
CONSOLE_SCREEN_BUFFER_INFO . . .	 00000016
  dwSize . . . . . . . . . . . .	 00000000	 DWord
  dwCursorPosition . . . . . . .	 00000004	 DWord
  wAttributes  . . . . . . . . .	 00000008	 Word
  srWindow . . . . . . . . . . .	 0000000A	 QWord
  dwMaximumWindowSize  . . . . .	 00000012	 DWord
COORD  . . . . . . . . . . . . .	 00000004
  X  . . . . . . . . . . . . . .	 00000000	 Word
  Y  . . . . . . . . . . . . . .	 00000002	 Word
FILETIME . . . . . . . . . . . .	 00000008
  loDateTime . . . . . . . . . .	 00000000	 DWord
  hiDateTime . . . . . . . . . .	 00000004	 DWord
FOCUS_EVENT_RECORD . . . . . . .	 00000004
  bSetFocus  . . . . . . . . . .	 00000000	 DWord
FPU_ENVIRON  . . . . . . . . . .	 0000001C
  controlWord  . . . . . . . . .	 00000000	 Word
  statusWord . . . . . . . . . .	 00000004	 Word
  tagWord  . . . . . . . . . . .	 00000008	 Word
  instrPointerOffset . . . . . .	 0000000C	 DWord
  instrPointerSelector . . . . .	 00000010	 DWord
  operandPointerOffset . . . . .	 00000014	 DWord
  operandPointerSelector . . . .	 00000018	 Word
INPUT_RECORD . . . . . . . . . .	 00000014
  EventType  . . . . . . . . . .	 00000000	 Word
  Event  . . . . . . . . . . . .	 00000004	 XmmWord
  bKeyDown . . . . . . . . . . .	 00000000	 DWord
  wRepeatCount . . . . . . . . .	 00000004	 Word
  wVirtualKeyCode  . . . . . . .	 00000006	 Word
  wVirtualScanCode . . . . . . .	 00000008	 Word
  uChar  . . . . . . . . . . . .	 0000000A	 Word
  UnicodeChar  . . . . . . . . .	 00000000	 Word
  AsciiChar  . . . . . . . . . .	 00000000	 Byte
  dwControlKeyState  . . . . . .	 0000000C	 DWord
  dwMousePosition  . . . . . . .	 00000000	 DWord
  dwButtonState  . . . . . . . .	 00000004	 DWord
  dwMouseControlKeyState . . . .	 00000008	 DWord
  dwEventFlags . . . . . . . . .	 0000000C	 DWord
  dwSize . . . . . . . . . . . .	 00000000	 DWord
  dwCommandId  . . . . . . . . .	 00000000	 DWord
  bSetFocus  . . . . . . . . . .	 00000000	 DWord
KEY_EVENT_RECORD . . . . . . . .	 00000010
  bKeyDown . . . . . . . . . . .	 00000000	 DWord
  wRepeatCount . . . . . . . . .	 00000004	 Word
  wVirtualKeyCode  . . . . . . .	 00000006	 Word
  wVirtualScanCode . . . . . . .	 00000008	 Word
  uChar  . . . . . . . . . . . .	 0000000A	 Word
  UnicodeChar  . . . . . . . . .	 00000000	 Word
  AsciiChar  . . . . . . . . . .	 00000000	 Byte
  dwControlKeyState  . . . . . .	 0000000C	 DWord
MENU_EVENT_RECORD  . . . . . . .	 00000004
  dwCommandId  . . . . . . . . .	 00000000	 DWord
MOUSE_EVENT_RECORD . . . . . . .	 00000010
  dwMousePosition  . . . . . . .	 00000000	 DWord
  dwButtonState  . . . . . . . .	 00000004	 DWord
  dwMouseControlKeyState . . . .	 00000008	 DWord
  dwEventFlags . . . . . . . . .	 0000000C	 DWord
SMALL_RECT . . . . . . . . . . .	 00000008
  Left . . . . . . . . . . . . .	 00000000	 Word
  Top  . . . . . . . . . . . . .	 00000002	 Word
  Right  . . . . . . . . . . . .	 00000004	 Word
  Bottom . . . . . . . . . . . .	 00000006	 Word
SYSTEMTIME . . . . . . . . . . .	 00000010
  wYear  . . . . . . . . . . . .	 00000000	 Word
  wMonth . . . . . . . . . . . .	 00000002	 Word
  wDayOfWeek . . . . . . . . . .	 00000004	 Word
  wDay . . . . . . . . . . . . .	 00000006	 Word
  wHour  . . . . . . . . . . . .	 00000008	 Word
  wMinute  . . . . . . . . . . .	 0000000A	 Word
  wSecond  . . . . . . . . . . .	 0000000C	 Word
  wMilliseconds  . . . . . . . .	 0000000E	 Word
WINDOW_BUFFER_SIZE_RECORD  . . .	 00000004
  dwSize . . . . . . . . . . . .	 00000000	 DWord


Segments and Groups:

                N a m e                 Size     Length   Align   Combine Class

FLAT . . . . . . . . . . . . . .	GROUP
STACK  . . . . . . . . . . . . .	32 Bit	 00001000 Para	  Stack	  'STACK'	 
_DATA  . . . . . . . . . . . . .	32 Bit	 0000036B Para	  Public  'DATA'	
_TEXT  . . . . . . . . . . . . .	32 Bit	 0000037C Para	  Public  'CODE'	


Procedures, parameters, and locals:

                N a m e                 Type     Value    Attr

CalculateGPA . . . . . . . . . .	P Near	 000002BB _TEXT	Length= 000000C1 Public STDCALL
  calcPointsSumLoop  . . . . . .	L Near	 000002CB _TEXT	
  checkGood  . . . . . . . . . .	L Near	 0000031F _TEXT	
  warning  . . . . . . . . . . .	L Near	 0000033F _TEXT	
  probation  . . . . . . . . . .	L Near	 00000366 _TEXT	
  endGPA . . . . . . . . . . . .	L Near	 0000037B _TEXT	
CloseFile  . . . . . . . . . . .	P Near	 00000000 FLAT	Length= 00000000 External STDCALL
CloseHandle  . . . . . . . . . .	P Near	 00000000 FLAT	Length= 00000000 External STDCALL
Clrscr . . . . . . . . . . . . .	P Near	 00000000 FLAT	Length= 00000000 External STDCALL
ConvertToLetterGrade . . . . . .	P Near	 00000200 _TEXT	Length= 000000BB Public STDCALL
  checkB . . . . . . . . . . . .	L Near	 00000228 _TEXT	
  checkC . . . . . . . . . . . .	L Near	 0000024D _TEXT	
  checkD . . . . . . . . . . . .	L Near	 00000272 _TEXT	
  storeF . . . . . . . . . . . .	L Near	 00000297 _TEXT	
  storeLetter  . . . . . . . . .	L Near	 000002AF _TEXT	
CreateFileA  . . . . . . . . . .	P Near	 00000000 FLAT	Length= 00000000 External STDCALL
CreateOutputFile . . . . . . . .	P Near	 00000000 FLAT	Length= 00000000 External STDCALL
Crlf . . . . . . . . . . . . . .	P Near	 00000000 FLAT	Length= 00000000 External STDCALL
Delay  . . . . . . . . . . . . .	P Near	 00000000 FLAT	Length= 00000000 External STDCALL
DumpMem  . . . . . . . . . . . .	P Near	 00000000 FLAT	Length= 00000000 External STDCALL
DumpRegs . . . . . . . . . . . .	P Near	 00000000 FLAT	Length= 00000000 External STDCALL
ExitProcess  . . . . . . . . . .	P Near	 00000000 FLAT	Length= 00000000 External STDCALL
FileTimeToDosDateTime  . . . . .	P Near	 00000000 FLAT	Length= 00000000 External STDCALL
FileTimeToSystemTime . . . . . .	P Near	 00000000 FLAT	Length= 00000000 External STDCALL
FlushConsoleInputBuffer  . . . .	P Near	 00000000 FLAT	Length= 00000000 External STDCALL
FormatMessageA . . . . . . . . .	P Near	 00000000 FLAT	Length= 00000000 External STDCALL
GetCommandLineA  . . . . . . . .	P Near	 00000000 FLAT	Length= 00000000 External STDCALL
GetCommandTail . . . . . . . . .	P Near	 00000000 FLAT	Length= 00000000 External STDCALL
GetConsoleCP . . . . . . . . . .	P Near	 00000000 FLAT	Length= 00000000 External STDCALL
GetConsoleCursorInfo . . . . . .	P Near	 00000000 FLAT	Length= 00000000 External STDCALL
GetConsoleMode . . . . . . . . .	P Near	 00000000 FLAT	Length= 00000000 External STDCALL
GetConsoleScreenBufferInfo . . .	P Near	 00000000 FLAT	Length= 00000000 External STDCALL
GetDateTime  . . . . . . . . . .	P Near	 00000000 FLAT	Length= 00000000 External STDCALL
GetFileTime  . . . . . . . . . .	P Near	 00000000 FLAT	Length= 00000000 External STDCALL
GetKeyState  . . . . . . . . . .	P Near	 00000000 FLAT	Length= 00000000 External STDCALL
GetLastError . . . . . . . . . .	P Near	 00000000 FLAT	Length= 00000000 External STDCALL
GetLocalTime . . . . . . . . . .	P Near	 00000000 FLAT	Length= 00000000 External STDCALL
GetMaxXY . . . . . . . . . . . .	P Near	 00000000 FLAT	Length= 00000000 External STDCALL
GetMseconds  . . . . . . . . . .	P Near	 00000000 FLAT	Length= 00000000 External STDCALL
GetNumberOfConsoleInputEvents  .	P Near	 00000000 FLAT	Length= 00000000 External STDCALL
GetProcessHeap . . . . . . . . .	P Near	 00000000 FLAT	Length= 00000000 External STDCALL
GetStdHandle . . . . . . . . . .	P Near	 00000000 FLAT	Length= 00000000 External STDCALL
GetSystemTime  . . . . . . . . .	P Near	 00000000 FLAT	Length= 00000000 External STDCALL
GetTextColor . . . . . . . . . .	P Near	 00000000 FLAT	Length= 00000000 External STDCALL
GetTickCount . . . . . . . . . .	P Near	 00000000 FLAT	Length= 00000000 External STDCALL
Gotoxy . . . . . . . . . . . . .	P Near	 00000000 FLAT	Length= 00000000 External STDCALL
HeapAlloc  . . . . . . . . . . .	P Near	 00000000 FLAT	Length= 00000000 External STDCALL
HeapCreate . . . . . . . . . . .	P Near	 00000000 FLAT	Length= 00000000 External STDCALL
HeapDestroy  . . . . . . . . . .	P Near	 00000000 FLAT	Length= 00000000 External STDCALL
HeapFree . . . . . . . . . . . .	P Near	 00000000 FLAT	Length= 00000000 External STDCALL
HeapSize . . . . . . . . . . . .	P Near	 00000000 FLAT	Length= 00000000 External STDCALL
IsDigit  . . . . . . . . . . . .	P Near	 00000000 FLAT	Length= 00000000 External STDCALL
LocalFree  . . . . . . . . . . .	P Near	 00000000 FLAT	Length= 00000000 External STDCALL
MessageBoxA  . . . . . . . . . .	P Near	 00000000 FLAT	Length= 00000000 External STDCALL
MsgBoxAsk  . . . . . . . . . . .	P Near	 00000000 FLAT	Length= 00000000 External STDCALL
MsgBox . . . . . . . . . . . . .	P Near	 00000000 FLAT	Length= 00000000 External STDCALL
OpenInputFile  . . . . . . . . .	P Near	 00000000 FLAT	Length= 00000000 External STDCALL
ParseDecimal32 . . . . . . . . .	P Near	 00000000 FLAT	Length= 00000000 External STDCALL
ParseInteger32 . . . . . . . . .	P Near	 00000000 FLAT	Length= 00000000 External STDCALL
PeekConsoleInputA  . . . . . . .	P Near	 00000000 FLAT	Length= 00000000 External STDCALL
Random32 . . . . . . . . . . . .	P Near	 00000000 FLAT	Length= 00000000 External STDCALL
RandomRange  . . . . . . . . . .	P Near	 00000000 FLAT	Length= 00000000 External STDCALL
Randomize  . . . . . . . . . . .	P Near	 00000000 FLAT	Length= 00000000 External STDCALL
ReadChar . . . . . . . . . . . .	P Near	 00000000 FLAT	Length= 00000000 External STDCALL
ReadConsoleA . . . . . . . . . .	P Near	 00000000 FLAT	Length= 00000000 External STDCALL
ReadConsoleInputA  . . . . . . .	P Near	 00000000 FLAT	Length= 00000000 External STDCALL
ReadDec  . . . . . . . . . . . .	P Near	 00000000 FLAT	Length= 00000000 External STDCALL
ReadFile . . . . . . . . . . . .	P Near	 00000000 FLAT	Length= 00000000 External STDCALL
ReadFloat  . . . . . . . . . . .	P Near	 00000000 FLAT	Length= 00000000 External STDCALL
ReadFromFile . . . . . . . . . .	P Near	 00000000 FLAT	Length= 00000000 External STDCALL
ReadHex  . . . . . . . . . . . .	P Near	 00000000 FLAT	Length= 00000000 External STDCALL
ReadInt  . . . . . . . . . . . .	P Near	 00000000 FLAT	Length= 00000000 External STDCALL
ReadKeyFlush . . . . . . . . . .	P Near	 00000000 FLAT	Length= 00000000 External STDCALL
ReadKey  . . . . . . . . . . . .	P Near	 00000000 FLAT	Length= 00000000 External STDCALL
ReadString . . . . . . . . . . .	P Near	 00000000 FLAT	Length= 00000000 External STDCALL
SetConsoleCursorInfo . . . . . .	P Near	 00000000 FLAT	Length= 00000000 External STDCALL
SetConsoleCursorPosition . . . .	P Near	 00000000 FLAT	Length= 00000000 External STDCALL
SetConsoleMode . . . . . . . . .	P Near	 00000000 FLAT	Length= 00000000 External STDCALL
SetConsoleScreenBufferSize . . .	P Near	 00000000 FLAT	Length= 00000000 External STDCALL
SetConsoleTextAttribute  . . . .	P Near	 00000000 FLAT	Length= 00000000 External STDCALL
SetConsoleTitleA . . . . . . . .	P Near	 00000000 FLAT	Length= 00000000 External STDCALL
SetConsoleWindowInfo . . . . . .	P Near	 00000000 FLAT	Length= 00000000 External STDCALL
SetFilePointer . . . . . . . . .	P Near	 00000000 FLAT	Length= 00000000 External STDCALL
SetLocalTime . . . . . . . . . .	P Near	 00000000 FLAT	Length= 00000000 External STDCALL
SetTextColor . . . . . . . . . .	P Near	 00000000 FLAT	Length= 00000000 External STDCALL
ShowFPUStack . . . . . . . . . .	P Near	 00000000 FLAT	Length= 00000000 External STDCALL
Sleep  . . . . . . . . . . . . .	P Near	 00000000 FLAT	Length= 00000000 External STDCALL
StrLength  . . . . . . . . . . .	P Near	 00000000 FLAT	Length= 00000000 External STDCALL
Str_compare  . . . . . . . . . .	P Near	 00000000 FLAT	Length= 00000000 External STDCALL
Str_copy . . . . . . . . . . . .	P Near	 00000000 FLAT	Length= 00000000 External STDCALL
Str_length . . . . . . . . . . .	P Near	 00000000 FLAT	Length= 00000000 External STDCALL
Str_trim . . . . . . . . . . . .	P Near	 00000000 FLAT	Length= 00000000 External STDCALL
Str_ucase  . . . . . . . . . . .	P Near	 00000000 FLAT	Length= 00000000 External STDCALL
SystemTimeToFileTime . . . . . .	P Near	 00000000 FLAT	Length= 00000000 External STDCALL
WaitMsg  . . . . . . . . . . . .	P Near	 00000000 FLAT	Length= 00000000 External STDCALL
WriteBinB  . . . . . . . . . . .	P Near	 00000000 FLAT	Length= 00000000 External STDCALL
WriteBin . . . . . . . . . . . .	P Near	 00000000 FLAT	Length= 00000000 External STDCALL
WriteChar  . . . . . . . . . . .	P Near	 00000000 FLAT	Length= 00000000 External STDCALL
WriteConsoleA  . . . . . . . . .	P Near	 00000000 FLAT	Length= 00000000 External STDCALL
WriteConsoleOutputAttribute  . .	P Near	 00000000 FLAT	Length= 00000000 External STDCALL
WriteConsoleOutputCharacterA . .	P Near	 00000000 FLAT	Length= 00000000 External STDCALL
WriteDec . . . . . . . . . . . .	P Near	 00000000 FLAT	Length= 00000000 External STDCALL
WriteFile  . . . . . . . . . . .	P Near	 00000000 FLAT	Length= 00000000 External STDCALL
WriteFloat . . . . . . . . . . .	P Near	 00000000 FLAT	Length= 00000000 External STDCALL
WriteHexB  . . . . . . . . . . .	P Near	 00000000 FLAT	Length= 00000000 External STDCALL
WriteHex . . . . . . . . . . . .	P Near	 00000000 FLAT	Length= 00000000 External STDCALL
WriteInt . . . . . . . . . . . .	P Near	 00000000 FLAT	Length= 00000000 External STDCALL
WriteStackFrameName  . . . . . .	P Near	 00000000 FLAT	Length= 00000000 External STDCALL
WriteStackFrame  . . . . . . . .	P Near	 00000000 FLAT	Length= 00000000 External STDCALL
WriteString  . . . . . . . . . .	P Near	 00000000 FLAT	Length= 00000000 External STDCALL
WriteToFile  . . . . . . . . . .	P Near	 00000000 FLAT	Length= 00000000 External STDCALL
WriteWindowsMsg  . . . . . . . .	P Near	 00000000 FLAT	Length= 00000000 External STDCALL
getCourseData  . . . . . . . . .	P Near	 0000012C _TEXT	Length= 000000D4 Public STDCALL
  reEnterCourseCode  . . . . . .	L Near	 0000012C _TEXT	
  validCourseCode  . . . . . . .	L Near	 0000015B _TEXT	
  reEnterCourseGrade . . . . . .	L Near	 0000016B _TEXT	
  invalidCourseGrade . . . . . .	L Near	 00000193 _TEXT	
  validCourseGrade . . . . . . .	L Near	 000001A4 _TEXT	
  reEnterCourseHrs . . . . . . .	L Near	 000001B5 _TEXT	
  invalidCourseHrs . . . . . . .	L Near	 000001DD _TEXT	
  validCourseHrs . . . . . . . .	L Near	 000001EE _TEXT	
getStudentInfo . . . . . . . . .	P Near	 000000E2 _TEXT	Length= 0000001A Public STDCALL
main . . . . . . . . . . . . . .	P Near	 00000000 _TEXT	Length= 000000E2 Public STDCALL
  reEnterNumCourses  . . . . . .	L Near	 00000005 _TEXT	
  courseLoop . . . . . . . . . .	L Near	 00000032 _TEXT	
  calcLoop . . . . . . . . . . .	L Near	 0000008F _TEXT	
  skipMin  . . . . . . . . . . .	L Near	 000000A7 _TEXT	
  skipMax  . . . . . . . . . . .	L Near	 000000B4 _TEXT	
printf . . . . . . . . . . . . .	P Near	 00000000 FLAT	Length= 00000000 External C
scanf  . . . . . . . . . . . . .	P Near	 00000000 FLAT	Length= 00000000 External C
validateCoursesNum . . . . . . .	P Near	 000000FC _TEXT	Length= 00000030 Public STDCALL
  invalidNumCourses  . . . . . .	L Near	 00000108 _TEXT	
  validNumCourses  . . . . . . .	L Near	 0000011F _TEXT	
wsprintfA  . . . . . . . . . . .	P Near	 00000000 FLAT	Length= 00000000 External C


Symbols:

                N a m e                 Type     Value    Attr

@CodeSize  . . . . . . . . . . .	Number	 00000000h   
@DataSize  . . . . . . . . . . .	Number	 00000000h   
@Interface . . . . . . . . . . .	Number	 00000003h   
@Model . . . . . . . . . . . . .	Number	 00000007h   
@code  . . . . . . . . . . . . .	Text   	 _TEXT
@data  . . . . . . . . . . . . .	Text   	 FLAT
@fardata?  . . . . . . . . . . .	Text   	 FLAT
@fardata . . . . . . . . . . . .	Text   	 FLAT
@stack . . . . . . . . . . . . .	Text   	 FLAT
ALT_MASK . . . . . . . . . . . .	Number	 00000003h   
CAPSLOCK_ON  . . . . . . . . . .	Number	 00000080h   
CREATE_ALWAYS  . . . . . . . . .	Number	 00000002h   
CREATE_NEW . . . . . . . . . . .	Number	 00000001h   
CTRL_MASK  . . . . . . . . . . .	Number	 0000000Ch   
CreateFile . . . . . . . . . . .	Text   	 CreateFileA
DO_NOT_SHARE . . . . . . . . . .	Number	 00000000h   
ENABLE_ECHO_INPUT  . . . . . . .	Number	 00000004h   
ENABLE_LINE_INPUT  . . . . . . .	Number	 00000002h   
ENABLE_MOUSE_INPUT . . . . . . .	Number	 00000010h   
ENABLE_PROCESSED_INPUT . . . . .	Number	 00000001h   
ENABLE_PROCESSED_OUTPUT  . . . .	Number	 00000001h   
ENABLE_WINDOW_INPUT  . . . . . .	Number	 00000008h   
ENABLE_WRAP_AT_EOL_OUTPUT  . . .	Number	 00000002h   
ENHANCED_KEY . . . . . . . . . .	Number	 00000100h   
FALSE  . . . . . . . . . . . . .	Number	 00000000h   
FILE_APPEND_DATA . . . . . . . .	Number	 00000004h   
FILE_ATTRIBUTE_ARCHIVE . . . . .	Number	 00000020h   
FILE_ATTRIBUTE_COMPRESSED  . . .	Number	 00000800h   
FILE_ATTRIBUTE_DEVICE  . . . . .	Number	 00000040h   
FILE_ATTRIBUTE_DIRECTORY . . . .	Number	 00000010h   
FILE_ATTRIBUTE_ENCRYPTED . . . .	Number	 00004000h   
FILE_ATTRIBUTE_HIDDEN  . . . . .	Number	 00000002h   
FILE_ATTRIBUTE_NORMAL  . . . . .	Number	 00000080h   
FILE_ATTRIBUTE_NOT_CONTENT_INDEXED .	Number	 00002000h   
FILE_ATTRIBUTE_OFFLINE . . . . .	Number	 00001000h   
FILE_ATTRIBUTE_READONLY  . . . .	Number	 00000001h   
FILE_ATTRIBUTE_REPARSE_POINT . .	Number	 00000400h   
FILE_ATTRIBUTE_SPARSE_FILE . . .	Number	 00000200h   
FILE_ATTRIBUTE_SYSTEM  . . . . .	Number	 00000004h   
FILE_ATTRIBUTE_TEMPORARY . . . .	Number	 00000100h   
FILE_BEGIN . . . . . . . . . . .	Number	 00000000h   
FILE_CURRENT . . . . . . . . . .	Number	 00000001h   
FILE_DELETE_CHILD  . . . . . . .	Number	 00000040h   
FILE_END . . . . . . . . . . . .	Number	 00000002h   
FILE_READ_DATA . . . . . . . . .	Number	 00000001h   
FILE_SHARE_DELETE  . . . . . . .	Number	 00000004h   
FILE_SHARE_READ  . . . . . . . .	Number	 00000001h   
FILE_SHARE_WRITE . . . . . . . .	Number	 00000002h   
FILE_WRITE_DATA  . . . . . . . .	Number	 00000002h   
FOCUS_EVENT  . . . . . . . . . .	Number	 00000010h   
FORMAT_MESSAGE_ALLOCATE_BUFFER .	Number	 00000100h   
FORMAT_MESSAGE_FROM_SYSTEM . . .	Number	 00001000h   
FormatMessage  . . . . . . . . .	Text   	 FormatMessageA
GENERIC_ALL  . . . . . . . . . .	Number	 10000000h   
GENERIC_EXECUTE  . . . . . . . .	Number	 20000000h   
GENERIC_READ . . . . . . . . . .	Number	 -80000000h   
GENERIC_WRITE  . . . . . . . . .	Number	 40000000h   
GetCommandLine . . . . . . . . .	Text   	 GetCommandLineA
HANDLE . . . . . . . . . . . . .	Text   	 DWORD
HEAP_GENERATE_EXCEPTIONS . . . .	Number	 00000004h   
HEAP_GROWABLE  . . . . . . . . .	Number	 00000002h   
HEAP_NO_SERIALIZE  . . . . . . .	Number	 00000001h   
HEAP_REALLOC_IN_PLACE_ONLY . . .	Number	 00000010h   
HEAP_ZERO_MEMORY . . . . . . . .	Number	 00000008h   
IDABORT  . . . . . . . . . . . .	Number	 00000003h   
IDCANCEL . . . . . . . . . . . .	Number	 00000002h   
IDCLOSE  . . . . . . . . . . . .	Number	 00000008h   
IDCONTINUE . . . . . . . . . . .	Number	 0000000Bh   
IDHELP . . . . . . . . . . . . .	Number	 00000009h   
IDIGNORE . . . . . . . . . . . .	Number	 00000005h   
IDNO . . . . . . . . . . . . . .	Number	 00000007h   
IDOK . . . . . . . . . . . . . .	Number	 00000001h   
IDRETRY  . . . . . . . . . . . .	Number	 00000004h   
IDTIMEOUT  . . . . . . . . . . .	Number	 00007D00h   
IDTRYAGAIN . . . . . . . . . . .	Number	 0000000Ah   
IDYES  . . . . . . . . . . . . .	Number	 00000006h   
INVALID_HANDLE_VALUE . . . . . .	Number	 -00000001h   
KBDOWN_FLAG  . . . . . . . . . .	Number	 00000001h   
KEY_EVENT  . . . . . . . . . . .	Number	 00000001h   
KEY_MASKS  . . . . . . . . . . .	Number	 0000001Fh   
LEFT_ALT_PRESSED . . . . . . . .	Number	 00000002h   
LEFT_CTRL_PRESSED  . . . . . . .	Number	 00000008h   
MB_ABORTRETRYIGNORE  . . . . . .	Number	 00000002h   
MB_APPLMODAL . . . . . . . . . .	Number	 00000000h   
MB_CANCELTRYCONTINUE . . . . . .	Number	 00000006h   
MB_DEFBUTTON1  . . . . . . . . .	Number	 00000000h   
MB_DEFBUTTON2  . . . . . . . . .	Number	 00000100h   
MB_DEFBUTTON3  . . . . . . . . .	Number	 00000200h   
MB_DEFBUTTON4  . . . . . . . . .	Number	 00000300h   
MB_HELP  . . . . . . . . . . . .	Number	 00004000h   
MB_ICONASTERISK  . . . . . . . .	Number	 00000040h   
MB_ICONERROR . . . . . . . . . .	Number	 00000010h   
MB_ICONEXCLAMATION . . . . . . .	Number	 00000030h   
MB_ICONHAND  . . . . . . . . . .	Number	 00000010h   
MB_ICONINFORMATION . . . . . . .	Number	 00000040h   
MB_ICONQUESTION  . . . . . . . .	Number	 00000020h   
MB_ICONSTOP  . . . . . . . . . .	Number	 00000010h   
MB_ICONWARNING . . . . . . . . .	Number	 00000030h   
MB_OKCANCEL  . . . . . . . . . .	Number	 00000001h   
MB_OK  . . . . . . . . . . . . .	Number	 00000000h   
MB_RETRYCANCEL . . . . . . . . .	Number	 00000005h   
MB_SYSTEMMODAL . . . . . . . . .	Number	 00001000h   
MB_TASKMODAL . . . . . . . . . .	Number	 00002000h   
MB_USERICON  . . . . . . . . . .	Number	 00000080h   
MB_YESNOCANCEL . . . . . . . . .	Number	 00000003h   
MB_YESNO . . . . . . . . . . . .	Number	 00000004h   
MENU_EVENT . . . . . . . . . . .	Number	 00000008h   
MOUSE_EVENT  . . . . . . . . . .	Number	 00000002h   
MessageBox . . . . . . . . . . .	Text   	 MessageBoxA
NULL . . . . . . . . . . . . . .	Number	 00000000h   
NUMLOCK_ON . . . . . . . . . . .	Number	 00000020h   
OPEN_ALWAYS  . . . . . . . . . .	Number	 00000004h   
OPEN_EXISTING  . . . . . . . . .	Number	 00000003h   
PeekConsoleInput . . . . . . . .	Text   	 PeekConsoleInputA
RIGHT_ALT_PRESSED  . . . . . . .	Number	 00000001h   
RIGHT_CTRL_PRESSED . . . . . . .	Number	 00000004h   
ReadConsoleInput . . . . . . . .	Text   	 ReadConsoleInputA
ReadConsole  . . . . . . . . . .	Text   	 ReadConsoleA
SCROLLLOCK_ON  . . . . . . . . .	Number	 00000040h   
SHIFT_MASK . . . . . . . . . . .	Number	 00000010h   
SHIFT_PRESSED  . . . . . . . . .	Number	 00000010h   
STD_ERROR_HANDLE . . . . . . . .	Number	 -0000000Ch   
STD_INPUT_HANDLE . . . . . . . .	Number	 -0000000Ah   
STD_OUTPUT_HANDLE  . . . . . . .	Number	 -0000000Bh   
SetConsoleTitle  . . . . . . . .	Text   	 SetConsoleTitleA
TAB  . . . . . . . . . . . . . .	Number	 00000009h   
TRUE . . . . . . . . . . . . . .	Number	 00000001h   
TRUNCATE_EXISTING  . . . . . . .	Number	 00000005h   
VK_11  . . . . . . . . . . . . .	Number	 000000BDh   
VK_12  . . . . . . . . . . . . .	Number	 000000BBh   
VK_ADD . . . . . . . . . . . . .	Number	 0000006Bh   
VK_BACK  . . . . . . . . . . . .	Number	 00000008h   
VK_CANCEL  . . . . . . . . . . .	Number	 00000003h   
VK_CAPITAL . . . . . . . . . . .	Number	 00000014h   
VK_CLEAR . . . . . . . . . . . .	Number	 0000000Ch   
VK_CONTROL . . . . . . . . . . .	Number	 00000011h   
VK_DECIMAL . . . . . . . . . . .	Number	 0000006Eh   
VK_DELETE  . . . . . . . . . . .	Number	 0000002Eh   
VK_DIVIDE  . . . . . . . . . . .	Number	 0000006Fh   
VK_DOWN  . . . . . . . . . . . .	Number	 00000028h   
VK_END . . . . . . . . . . . . .	Number	 00000023h   
VK_ESCAPE  . . . . . . . . . . .	Number	 0000001Bh   
VK_EXECUTE . . . . . . . . . . .	Number	 0000002Bh   
VK_F10 . . . . . . . . . . . . .	Number	 00000079h   
VK_F11 . . . . . . . . . . . . .	Number	 0000007Ah   
VK_F12 . . . . . . . . . . . . .	Number	 0000007Bh   
VK_F13 . . . . . . . . . . . . .	Number	 0000007Ch   
VK_F14 . . . . . . . . . . . . .	Number	 0000007Dh   
VK_F15 . . . . . . . . . . . . .	Number	 0000007Eh   
VK_F16 . . . . . . . . . . . . .	Number	 0000007Fh   
VK_F17 . . . . . . . . . . . . .	Number	 00000080h   
VK_F18 . . . . . . . . . . . . .	Number	 00000081h   
VK_F19 . . . . . . . . . . . . .	Number	 00000082h   
VK_F1  . . . . . . . . . . . . .	Number	 00000070h   
VK_F20 . . . . . . . . . . . . .	Number	 00000083h   
VK_F21 . . . . . . . . . . . . .	Number	 00000084h   
VK_F22 . . . . . . . . . . . . .	Number	 00000085h   
VK_F23 . . . . . . . . . . . . .	Number	 00000086h   
VK_F24 . . . . . . . . . . . . .	Number	 00000087h   
VK_F2  . . . . . . . . . . . . .	Number	 00000071h   
VK_F3  . . . . . . . . . . . . .	Number	 00000072h   
VK_F4  . . . . . . . . . . . . .	Number	 00000073h   
VK_F5  . . . . . . . . . . . . .	Number	 00000074h   
VK_F6  . . . . . . . . . . . . .	Number	 00000075h   
VK_F7  . . . . . . . . . . . . .	Number	 00000076h   
VK_F8  . . . . . . . . . . . . .	Number	 00000077h   
VK_F9  . . . . . . . . . . . . .	Number	 00000078h   
VK_HELP  . . . . . . . . . . . .	Number	 0000002Fh   
VK_HOME  . . . . . . . . . . . .	Number	 00000024h   
VK_INSERT  . . . . . . . . . . .	Number	 0000002Dh   
VK_LBUTTON . . . . . . . . . . .	Number	 00000001h   
VK_LCONTROL  . . . . . . . . . .	Number	 000000A2h   
VK_LEFT  . . . . . . . . . . . .	Number	 00000025h   
VK_LMENU . . . . . . . . . . . .	Number	 000000A4h   
VK_LSHIFT  . . . . . . . . . . .	Number	 000000A0h   
VK_MENU  . . . . . . . . . . . .	Number	 00000012h   
VK_MULTIPLY  . . . . . . . . . .	Number	 0000006Ah   
VK_NEXT  . . . . . . . . . . . .	Number	 00000022h   
VK_NUMLOCK . . . . . . . . . . .	Number	 00000090h   
VK_NUMPAD0 . . . . . . . . . . .	Number	 00000060h   
VK_NUMPAD1 . . . . . . . . . . .	Number	 00000061h   
VK_NUMPAD2 . . . . . . . . . . .	Number	 00000062h   
VK_NUMPAD3 . . . . . . . . . . .	Number	 00000063h   
VK_NUMPAD4 . . . . . . . . . . .	Number	 00000064h   
VK_NUMPAD5 . . . . . . . . . . .	Number	 00000065h   
VK_NUMPAD6 . . . . . . . . . . .	Number	 00000066h   
VK_NUMPAD7 . . . . . . . . . . .	Number	 00000067h   
VK_NUMPAD8 . . . . . . . . . . .	Number	 00000068h   
VK_NUMPAD9 . . . . . . . . . . .	Number	 00000069h   
VK_PAUSE . . . . . . . . . . . .	Number	 00000013h   
VK_PRINT . . . . . . . . . . . .	Number	 0000002Ah   
VK_PRIOR . . . . . . . . . . . .	Number	 00000021h   
VK_RBUTTON . . . . . . . . . . .	Number	 00000002h   
VK_RCONTROL  . . . . . . . . . .	Number	 000000A3h   
VK_RETURN  . . . . . . . . . . .	Number	 0000000Dh   
VK_RIGHT . . . . . . . . . . . .	Number	 00000027h   
VK_RMENU . . . . . . . . . . . .	Number	 000000A5h   
VK_RSHIFT  . . . . . . . . . . .	Number	 000000A1h   
VK_SCROLL  . . . . . . . . . . .	Number	 00000091h   
VK_SEPARATER . . . . . . . . . .	Number	 0000006Ch   
VK_SHIFT . . . . . . . . . . . .	Number	 00000010h   
VK_SNAPSHOT  . . . . . . . . . .	Number	 0000002Ch   
VK_SPACE . . . . . . . . . . . .	Number	 00000020h   
VK_SUBTRACT  . . . . . . . . . .	Number	 0000006Dh   
VK_TAB . . . . . . . . . . . . .	Number	 00000009h   
VK_UP  . . . . . . . . . . . . .	Number	 00000026h   
WINDOW_BUFFER_SIZE_EVENT . . . .	Number	 00000004h   
WriteConsoleOutputCharacter  . .	Text   	 WriteConsoleOutputCharacterA
WriteConsole . . . . . . . . . .	Text   	 WriteConsoleA
black  . . . . . . . . . . . . .	Number	 00000000h   
blue . . . . . . . . . . . . . .	Number	 00000001h   
brown  . . . . . . . . . . . . .	Number	 00000006h   
countA . . . . . . . . . . . . .	DWord	 0000029F _DATA	
countB . . . . . . . . . . . . .	DWord	 000002A3 _DATA	
countC . . . . . . . . . . . . .	DWord	 000002A7 _DATA	
countD . . . . . . . . . . . . .	DWord	 000002AB _DATA	
countF . . . . . . . . . . . . .	DWord	 000002AF _DATA	
courseCodeArr  . . . . . . . . .	Byte	 000000E6 _DATA	
courseCodeBuffer . . . . . . . .	Byte	 000000CD _DATA	
courseCodeErr  . . . . . . . . .	Byte	 000000AA _DATA	
courseCodeLen  . . . . . . . . .	DWord	 000000E2 _DATA	
courseCodeMsg  . . . . . . . . .	Byte	 00000094 _DATA	
courseGradeArr . . . . . . . . .	DWord	 000001A3 _DATA	
courseGradeErr . . . . . . . . .	Byte	 00000181 _DATA	
courseGradeMsg . . . . . . . . .	Byte	 0000015E _DATA	
courseGrade  . . . . . . . . . .	DWord	 0000017D _DATA	
courseHrsArr . . . . . . . . . .	DWord	 0000023B _DATA	
courseHrsErr . . . . . . . . . .	Byte	 00000214 _DATA	
courseHrsMsg . . . . . . . . . .	Byte	 000001F3 _DATA	
courseHrs  . . . . . . . . . . .	DWord	 00000210 _DATA	
coursePoints . . . . . . . . . .	DWord	 000002B3 _DATA	
currentTitle1  . . . . . . . . .	Byte	 00000081 _DATA	
currentTitle2  . . . . . . . . .	Byte	 00000089 _DATA	
cyan . . . . . . . . . . . . . .	Number	 00000003h   
excellentMsg . . . . . . . . . .	Byte	 0000032F _DATA	
exit . . . . . . . . . . . . . .	Text   	 INVOKE ExitProcess,0
goodMsg  . . . . . . . . . . . .	Byte	 00000339 _DATA	
gpaResult  . . . . . . . . . . .	Byte	 0000031B _DATA	
gpa  . . . . . . . . . . . . . .	DWord	 00000313 _DATA	
gradeAvg . . . . . . . . . . . .	DWord	 0000030F _DATA	
gradesSum  . . . . . . . . . . .	DWord	 0000030B _DATA	
gray . . . . . . . . . . . . . .	Number	 00000008h   
green  . . . . . . . . . . . . .	Number	 00000002h   
idx  . . . . . . . . . . . . . .	DWord	 0000008C _DATA	
letteredGrades . . . . . . . . .	Byte	 0000028B _DATA	
lightBlue  . . . . . . . . . . .	Number	 00000009h   
lightCyan  . . . . . . . . . . .	Number	 0000000Bh   
lightGray  . . . . . . . . . . .	Number	 00000007h   
lightGreen . . . . . . . . . . .	Number	 0000000Ah   
lightMagenta . . . . . . . . . .	Number	 0000000Dh   
lightRed . . . . . . . . . . . .	Number	 0000000Ch   
magenta  . . . . . . . . . . . .	Number	 00000005h   
maxGrade . . . . . . . . . . . .	DWord	 00000307 _DATA	
minGrade . . . . . . . . . . . .	DWord	 00000303 _DATA	
numberOfCoursesErr . . . . . . .	Byte	 0000004B _DATA	
numberOfCoursesMsg . . . . . . .	Byte	 0000002A _DATA	
numberOfCourses  . . . . . . . .	DWord	 0000007C _DATA	
pointsSum  . . . . . . . . . . .	DWord	 00000317 _DATA	
probationMsg . . . . . . . . . .	Byte	 00000358 _DATA	
red  . . . . . . . . . . . . . .	Number	 00000004h   
studentMsg . . . . . . . . . . .	Byte	 00000000 _DATA	
studentName  . . . . . . . . . .	Byte	 00000015 _DATA	
tempECX  . . . . . . . . . . . .	DWord	 00000090 _DATA	
valid  . . . . . . . . . . . . .	Byte	 00000080 _DATA	
warningMsg . . . . . . . . . . .	Byte	 00000347 _DATA	
white  . . . . . . . . . . . . .	Number	 0000000Fh   
wsprintf . . . . . . . . . . . .	Text   	 wsprintfA
yellow . . . . . . . . . . . . .	Number	 0000000Eh   

	   0 Warnings
	   21 Errors
